[{"partials":"","stream":"stderr","log":"2023-07-06 14:08:16.172  INFO log line 1","docker":{"container_id":"df14e0d5ae4c07284fa636d739c8fc2e6b52bc344658de7d3f08c36a2e804115"},"kubernetes":{"container_name":"my-container","namespace_name":"my-namespace","pod_name":"my-pod"}}
,{"partials":"2023-06-28T10:33:44.811219393Z stderr P 2023-07-06 14:08:16.172  INFO partial log line 2\n","stream":"stderr","log":"2023-07-06 14:08:16.172  INFO log line 3","docker":{"container_id":"df14e0d5ae4c07284fa636d739c8fc2e6b52bc344658de7d3f08c36a2e804115"},"kubernetes":{"container_name":"my-container","namespace_name":"my-namespace","pod_name":"my-pod"}}
,{"partials":"","stream":"stderr","log":"2023-07-06 14:08:16.172  INFO log line 4","docker":{"container_id":"df14e0d5ae4c07284fa636d739c8fc2e6b52bc344658de7d3f08c36a2e804115"},"kubernetes":{"container_name":"my-container","namespace_name":"my-namespace","pod_name":"my-pod"}}
,{"partials":"","stream":"stderr","log":"2023-07-06 14:08:16.172  INFO log line 5","docker":{"container_id":"df14e0d5ae4c07284fa636d739c8fc2e6b52bc344658de7d3f08c36a2e804115"},"kubernetes":{"container_name":"my-container","namespace_name":"my-namespace","pod_name":"my-pod"}}
]